[{"start":0,"end":3,"scope":"entity.name.function.d"},{"start":3,"end":4,"scope":"source.d"},{"start":4,"end":5,"scope":"source.d"},{"start":5,"end":6,"scope":"meta.statement.end.d"}]
[{"start":0,"end":3,"scope":"entity.name.function.d"},{"start":3,"end":4,"scope":"source.d"},{"start":4,"end":5,"scope":"source.d"},{"start":5,"end":6,"scope":"meta.statement.end.d"},{"start":6,"end":7,"scope":"source.d"},{"start":7,"end":17,"scope":"comment.line.d"}]
[{"start":0,"end":3,"scope":"entity.name.function.d"},{"start":3,"end":4,"scope":"source.d"},{"start":4,"end":5,"scope":"source.d"},{"start":5,"end":6,"scope":"meta.statement.end.d"},{"start":6,"end":7,"scope":"source.d"},{"start":7,"end":9,"scope":"comment.block.begin.d"},{"start":9,"end":18,"scope":"comment.block.content.d"},{"start":18,"end":20,"scope":"comment.block.end.d"}]
[{"start":0,"end":3,"scope":"entity.name.function.d"},{"start":3,"end":4,"scope":"source.d"},{"start":4,"end":5,"scope":"source.d"},{"start":5,"end":6,"scope":"meta.statement.end.d"},{"start":6,"end":7,"scope":"meta.statement.end.d"}]
[{"start":0,"end":3,"scope":"entity.name.function.d"},{"start":3,"end":4,"scope":"source.d"},{"start":4,"end":5,"scope":"source.d"},{"start":5,"end":6,"scope":"meta.statement.end.d"},{"start":6,"end":7,"scope":"source.d"},{"start":7,"end":10,"scope":"entity.name.function.d"},{"start":10,"end":11,"scope":"source.d"},{"start":11,"end":12,"scope":"source.d"},{"start":12,"end":13,"scope":"meta.statement.end.d"}]